// Vitest Snapshot v1, https://vitest.dev/guide/snapshot.html

exports[`WidgetGrid — Integration > matches snapshot with populated widget grid > WidgetGrid-populated 1`] = `
"[
  {
    "type": "View",
    "props": {},
    "children": [
      {
        "type": "View",
        "props": {
          "style": [
            {
              "marginBottom": 12,
              "borderRadius": 16,
              "borderWidth": 1,
              "shadowOffset": {
                "width": 0,
                "height": 4
              }
            },
            {
              "backgroundColor": "#1A1D28",
              "borderColor": "transparent",
              "shadowColor": "transparent",
              "shadowOpacity": 0,
              "shadowRadius": 0,
              "elevation": 0
            }
          ]
        },
        "children": [
          {
            "type": "View",
            "props": {
              "entering": "[Animation]",
              "exiting": "[Animation]",
              "layout": "[Animation]",
              "style": [
                {
                  "borderRadius": 16,
                  "borderWidth": 1,
                  "overflow": "hidden",
                  "minHeight": 140
                },
                {
                  "backgroundColor": "#1A1D28",
                  "borderColor": "rgba(255,255,255,0.07)"
                }
              ]
            },
            "children": [
              {
                "type": "View",
                "props": {
                  "style": {
                    "flexDirection": "row",
                    "alignItems": "center",
                    "justifyContent": "space-between",
                    "paddingHorizontal": 12,
                    "paddingVertical": 8
                  }
                },
                "children": [
                  {
                    "type": "Pressable",
                    "props": {
                      "delayLongPress": 300,
                      "style": {
                        "flexDirection": "row",
                        "alignItems": "center",
                        "gap": 8,
                        "flex": 1
                      }
                    },
                    "children": [
                      {
                        "type": "View",
                        "props": {
                          "style": [
                            {
                              "width": 28,
                              "height": 28,
                              "borderRadius": 8,
                              "justifyContent": "center",
                              "alignItems": "center"
                            },
                            {
                              "backgroundColor": "#00E67620"
                            }
                          ]
                        },
                        "children": [
                          {
                            "type": "IonIonicons",
                            "props": {
                              "name": "trending-up",
                              "size": 14,
                              "color": "#00E676"
                            },
                            "children": null
                          }
                        ]
                      },
                      {
                        "type": "Text",
                        "props": {
                          "style": [
                            {
                              "fontFamily": "Inter-SemiBold",
                              "fontWeight": "600",
                              "letterSpacing": 0.1,
                              "fontSize": 12,
                              "flex": 1
                            },
                            {
                              "color": "#E0E6ED"
                            }
                          ],
                          "numberOfLines": 1
                        },
                        "children": [
                          "P&L Overview"
                        ]
                      }
                    ]
                  },
                  {
                    "type": "Pressable",
                    "props": {
                      "style": [
                        {
                          "width": 28,
                          "height": 28,
                          "borderRadius": 7,
                          "justifyContent": "center",
                          "alignItems": "center"
                        },
                        {
                          "backgroundColor": "#151821"
                        }
                      ],
                      "hitSlop": 8
                    },
                    "children": [
                      {
                        "type": "IonIonicons",
                        "props": {
                          "name": "ellipsis-vertical",
                          "size": 14,
                          "color": "#475569"
                        },
                        "children": null
                      }
                    ]
                  }
                ]
              },
              {
                "type": "View",
                "props": {
                  "style": {
                    "paddingHorizontal": 12,
                    "paddingBottom": 12,
                    "minHeight": 80,
                    "position": "relative"
                  }
                },
                "children": [
                  {
                    "type": "View",
                    "props": {
                      "style": {
                        "gap": 8
                      }
                    },
                    "children": [
                      {
                        "type": "View",
                        "props": {
                          "style": {
                            "flexDirection": "row",
                            "justifyContent": "space-between"
                          }
                        },
                        "children": [
                          {
                            "type": "View",
                            "props": {
                              "style": {
                                "alignItems": "flex-start"
                              }
                            },
                            "children": [
                              {
                                "type": "Text",
                                "props": {
                                  "style": [
                                    {
                                      "fontFamily": "Inter-Regular",
                                      "fontWeight": "400",
                                      "letterSpacing": 0.2,
                                      "fontSize": 10,
                                      "marginBottom": 1
                                    },
                                    {
                                      "color": "#475569"
                                    }
                                  ]
                                },
                                "children": [
                                  "Total Return"
                                ]
                              },
                              {
                                "type": "Text",
                                "props": {
                                  "style": [
                                    {
                                      "fontFamily": "Inter-Bold",
                                      "fontWeight": "700",
                                      "letterSpacing": 0.05,
                                      "fontSize": 18
                                    },
                                    {
                                      "color": "#00E676"
                                    }
                                  ]
                                },
                                "children": [
                                  "₹50.0K"
                                ]
                              },
                              {
                                "type": "Text",
                                "props": {
                                  "style": [
                                    {
                                      "fontFamily": "Inter-SemiBold",
                                      "fontWeight": "600",
                                      "letterSpacing": 0.1,
                                      "fontSize": 11,
                                      "marginTop": 1
                                    },
                                    {
                                      "color": "#00E676"
                                    }
                                  ]
                                },
                                "children": [
                                  "+8.03%"
                                ]
                              }
                            ]
                          },
                          {
                            "type": "View",
                            "props": {
                              "style": {
                                "alignItems": "flex-end"
                              }
                            },
                            "children": [
                              {
                                "type": "Text",
                                "props": {
                                  "style": [
                                    {
                                      "fontFamily": "Inter-Regular",
                                      "fontWeight": "400",
                                      "letterSpacing": 0.2,
                                      "fontSize": 10,
                                      "marginBottom": 1
                                    },
                                    {
                                      "color": "#475569"
                                    }
                                  ]
                                },
                                "children": [
                                  "Day Change"
                                ]
                              },
                              {
                                "type": "Text",
                                "props": {
                                  "style": [
                                    {
                                      "fontFamily": "Inter-Bold",
                                      "fontWeight": "700",
                                      "letterSpacing": 0.05,
                                      "fontSize": 18
                                    },
                                    {
                                      "color": "#00E676"
                                    }
                                  ]
                                },
                                "children": [
                                  "₹9.4K"
                                ]
                              },
                              {
                                "type": "Text",
                                "props": {
                                  "style": [
                                    {
                                      "fontFamily": "Inter-SemiBold",
                                      "fontWeight": "600",
                                      "letterSpacing": 0.1,
                                      "fontSize": 11,
                                      "marginTop": 1
                                    },
                                    {
                                      "color": "#00E676"
                                    }
                                  ]
                                },
                                "children": [
                                  "+1.39%"
                                ]
                              }
                            ]
                          }
                        ]
                      },
                      {
                        "type": "View",
                        "props": {
                          "style": {
                            "alignItems": "center",
                            "marginVertical": 4
                          }
                        },
                        "children": [
                          {
                            "type": "Defs",
                            "props": {},
                            "children": [
                              {
                                "type": "SvgLinearGradient",
                                "props": {
                                  "id": "pnlFill",
                                  "x1": "0",
                                  "y1": "0",
                                  "x2": "0",
                                  "y2": "1"
                                },
                                "children": [
                                  {
                                    "type": "Stop",
                                    "props": {
                                      "offset": "0",
                                      "stopColor": "#00E676",
                                      "stopOpacity": "0.3"
                                    },
                                    "children": null
                                  },
                                  {
                                    "type": "Stop",
                                    "props": {
                                      "offset": "1",
                                      "stopColor": "#00E676",
                                      "stopOpacity": "0"
                                    },
                                    "children": null
                                  }
                                ]
                              }
                            ]
                          },
                          {
                            "type": "Path",
                            "props": {
                              "d": "[Path]",
                              "fill": "url(#pnlFill)"
                            },
                            "children": null
                          },
                          {
                            "type": "Path",
                            "props": {
                              "d": "[Path]",
                              "stroke": "#00E676",
                              "strokeWidth": 2,
                              "fill": "none",
                              "strokeLinecap": "round",
                              "strokeLinejoin": "round"
                            },
                            "children": null
                          }
                        ]
                      }
                    ]
                  }
                ]
              },
              {
                "type": "View",
                "props": {
                  "style": {
                    "flexDirection": "row",
                    "justifyContent": "center",
                    "gap": 4,
                    "paddingBottom": 6
                  }
                },
                "children": [
                  {
                    "type": "View",
                    "props": {
                      "style": [
                        {
                          "borderRadius": 3
                        },
                        {
                          "backgroundColor": "rgba(255,255,255,0.07)",
                          "width": 6,
                          "height": 6,
                          "borderRadius": 3
                        }
                      ]
                    },
                    "children": null
                  },
                  {
                    "type": "View",
                    "props": {
                      "style": [
                        {
                          "borderRadius": 3
                        },
                        {
                          "backgroundColor": "#00E676",
                          "width": 8,
                          "height": 8,
                          "borderRadius": 4
                        }
                      ]
                    },
                    "children": null
                  },
                  {
                    "type": "View",
                    "props": {
                      "style": [
                        {
                          "borderRadius": 3
                        },
                        {
                          "backgroundColor": "rgba(255,255,255,0.07)",
                          "width": 6,
                          "height": 6,
                          "borderRadius": 3
                        }
                      ]
                    },
                    "children": null
                  }
                ]
              },
              {
                "type": "Modal",
                "props": {
                  "visible": false,
                  "transparent": true,
                  "animationType": "fade"
                },
                "children": [
                  {
                    "type": "Pressable",
                    "props": {
                      "style": {
                        "flex": 1,
                        "backgroundColor": "rgba(0,0,0,0.5)",
                        "justifyContent": "center",
                        "alignItems": "center",
                        "padding": 20
                      }
                    },
                    "children": [
                      {
                        "type": "View",
                        "props": {
                          "entering": "[Animation]",
                          "style": [
                            {
                              "width": "85%",
                              "maxWidth": 320,
                              "borderRadius": 16,
                              "borderWidth": 1,
                              "padding": 16,
                              "gap": 8
                            },
                            {
                              "backgroundColor": "#1A1D28",
                              "borderColor": "rgba(255,255,255,0.07)"
                            }
                          ]
                        },
                        "children": [
                          {
                            "type": "Text",
                            "props": {
                              "style": [
                                {
                                  "fontFamily": "Inter-Bold",
                                  "fontWeight": "700",
                                  "letterSpacing": 0.05,
                                  "fontSize": 16,
                                  "marginBottom": 4
                                },
                                {
                                  "color": "#E0E6ED"
                                }
                              ]
                            },
                            "children": [
                              "P&L Overview"
                            ]
                          },
                          {
                            "type": "Text",
                            "props": {
                              "style": [
                                {
                                  "fontFamily": "Inter-Medium",
                                  "fontWeight": "500",
                                  "letterSpacing": 1,
                                  "fontSize": 10,
                                  "textTransform": "uppercase",
                                  "marginTop": 8,
                                  "marginBottom": 4
                                },
                                {
                                  "color": "#475569"
                                }
                              ]
                            },
                            "children": [
                              "Size"
                            ]
                          },
                          {
                            "type": "View",
                            "props": {
                              "style": {
                                "flexDirection": "row",
                                "gap": 8
                              }
                            },
                            "children": [
                              {
                                "type": "Pressable",
                                "props": {
                                  "style": [
                                    {
                                      "flex": 1,
                                      "flexDirection": "row",
                                      "alignItems": "center",
                                      "justifyContent": "center",
                                      "gap": 6,
                                      "paddingVertical": 8,
                                      "borderRadius": 12,
                                      "borderWidth": 1
                                    },
                                    {
                                      "borderColor": "rgba(255,255,255,0.07)",
                                      "backgroundColor": "transparent"
                                    }
                                  ]
                                },
                                "children": [
                                  {
                                    "type": "IonIonicons",
                                    "props": {
                                      "name": "remove",
                                      "size": 16,
                                      "color": "#94A3B8"
                                    },
                                    "children": null
                                  },
                                  {
                                    "type": "Text",
                                    "props": {
                                      "style": [
                                        {
                                          "fontFamily": "Inter-SemiBold",
                                          "fontWeight": "600",
                                          "letterSpacing": 0.1,
                                          "fontSize": 10
                                        },
                                        {
                                          "color": "#94A3B8"
                                        }
                                      ]
                                    },
                                    "children": [
                                      "Small"
                                    ]
                                  }
                                ]
                              },
                              {
                                "type": "Pressable",
                                "props": {
                                  "style": [
                                    {
                                      "flex": 1,
                                      "flexDirection": "row",
                                      "alignItems": "center",
                                      "justifyContent": "center",
                                      "gap": 6,
                                      "paddingVertical": 8,
                                      "borderRadius": 12,
                                      "borderWidth": 1
                                    },
                                    {
                                      "borderColor": "#00E676",
                                      "backgroundColor": "#00E67615"
                                    }
                                  ]
                                },
                                "children": [
                                  {
                                    "type": "IonIonicons",
                                    "props": {
                                      "name": "square-outline",
                                      "size": 16,
                                      "color": "#00E676"
                                    },
                                    "children": null
                                  },
                                  {
                                    "type": "Text",
                                    "props": {
                                      "style": [
                                        {
                                          "fontFamily": "Inter-SemiBold",
                                          "fontWeight": "600",
                                          "letterSpacing": 0.1,
                                          "fontSize": 10
                                        },
                                        {
                                          "color": "#00E676"
                                        }
                                      ]
                                    },
                                    "children": [
                                      "Medium"
                                    ]
                                  }
                                ]
                              },
                              {
                                "type": "Pressable",
                                "props": {
                                  "style": [
                                    {
                                      "flex": 1,
                                      "flexDirection": "row",
                                      "alignItems": "center",
                                      "justifyContent": "center",
                                      "gap": 6,
                                      "paddingVertical": 8,
                                      "borderRadius": 12,
                                      "borderWidth": 1
                                    },
                                    {
                                      "borderColor": "rgba(255,255,255,0.07)",
                                      "backgroundColor": "transparent"
                                    }
                                  ]
                                },
                                "children": [
                                  {
                                    "type": "IonIonicons",
                                    "props": {
                                      "name": "expand",
                                      "size": 16,
                                      "color": "#94A3B8"
                                    },
                                    "children": null
                                  },
                                  {
                                    "type": "Text",
                                    "props": {
                                      "style": [
                                        {
                                          "fontFamily": "Inter-SemiBold",
                                          "fontWeight": "600",
                                          "letterSpacing": 0.1,
                                          "fontSize": 10
                                        },
                                        {
                                          "color": "#94A3B8"
                                        }
                                      ]
                                    },
                                    "children": [
                                      "Large"
                                    ]
                                  }
                                ]
                              }
                            ]
                          },
                          {
                            "type": "Text",
                            "props": {
                              "style": [
                                {
                                  "fontFamily": "Inter-Medium",
                                  "fontWeight": "500",
                                  "letterSpacing": 1,
                                  "fontSize": 10,
                                  "textTransform": "uppercase",
                                  "marginTop": 8,
                                  "marginBottom": 4
                                },
                                {
                                  "color": "#475569"
                                }
                              ]
                            },
                            "children": [
                              "Actions"
                            ]
                          },
                          {
                            "type": "Pressable",
                            "props": {
                              "style": [
                                {
                                  "flexDirection": "row",
                                  "alignItems": "center",
                                  "gap": 12,
                                  "paddingVertical": 12,
                                  "borderBottomWidth": 1,
                                  "borderBottomColor": "transparent"
                                },
                                {
                                  "borderBottomColor": "rgba(255,255,255,0.04)"
                                }
                              ]
                            },
                            "children": [
                              {
                                "type": "IonIonicons",
                                "props": {
                                  "name": "eye-off",
                                  "size": 18,
                                  "color": "#94A3B8"
                                },
                                "children": null
                              },
                              {
                                "type": "Text",
                                "props": {
                                  "style": [
                                    {
                                      "fontFamily": "Inter-Medium",
                                      "fontWeight": "500",
                                      "letterSpacing": 0.15,
                                      "fontSize": 12
                                    },
                                    {
                                      "color": "#E0E6ED"
                                    }
                                  ]
                                },
                                "children": [
                                  "Hide Widget"
                                ]
                              }
                            ]
                          },
                          {
                            "type": "Pressable",
                            "props": {
                              "style": {
                                "flexDirection": "row",
                                "alignItems": "center",
                                "gap": 12,
                                "paddingVertical": 12,
                                "borderBottomWidth": 1,
                                "borderBottomColor": "transparent"
                              }
                            },
                            "children": [
                              {
                                "type": "IonIonicons",
                                "props": {
                                  "name": "trash",
                                  "size": 18,
                                  "color": "#FF5252"
                                },
                                "children": null
                              },
                              {
                                "type": "Text",
                                "props": {
                                  "style": [
                                    {
                                      "fontFamily": "Inter-Medium",
                                      "fontWeight": "500",
                                      "letterSpacing": 0.15,
                                      "fontSize": 12
                                    },
                                    {
                                      "color": "#FF5252"
                                    }
                                  ]
                                },
                                "children": [
                                  "Remove Widget"
                                ]
                              }
                            ]
                          }
                        ]
                      }
                    ]
                  }
                ]
              }
            ]
          }
        ]
      }
    ]
  },
  {
    "type": "View",
    "props": {},
    "children": [
      {
        "type": "View",
        "props": {
          "style": [
            {
              "marginBottom": 12,
              "borderRadius": 16,
              "borderWidth": 1,
              "shadowOffset": {
                "width": 0,
                "height": 4
              }
            },
            {
              "backgroundColor": "#1A1D28",
              "borderColor": "transparent",
              "shadowColor": "transparent",
              "shadowOpacity": 0,
              "shadowRadius": 0,
              "elevation": 0
            }
          ]
        },
        "children": [
          {
            "type": "View",
            "props": {
              "entering": "[Animation]",
              "exiting": "[Animation]",
              "layout": "[Animation]",
              "style": [
                {
                  "borderRadius": 16,
                  "borderWidth": 1,
                  "overflow": "hidden",
                  "minHeight": 140
                },
                {
                  "backgroundColor": "#1A1D28",
                  "borderColor": "rgba(255,255,255,0.07)"
                }
              ]
            },
            "children": [
              {
                "type": "View",
                "props": {
                  "style": {
                    "flexDirection": "row",
                    "alignItems": "center",
                    "justifyContent": "space-between",
                    "paddingHorizontal": 12,
                    "paddingVertical": 8
                  }
                },
                "children": [
                  {
                    "type": "Pressable",
                    "props": {
                      "delayLongPress": 300,
                      "style": {
                        "flexDirection": "row",
                        "alignItems": "center",
                        "gap": 8,
                        "flex": 1
                      }
                    },
                    "children": [
                      {
                        "type": "View",
                        "props": {
                          "style": [
                            {
                              "width": 28,
                              "height": 28,
                              "borderRadius": 8,
                              "justifyContent": "center",
                              "alignItems": "center"
                            },
                            {
                              "backgroundColor": "#3B82F620"
                            }
                          ]
                        },
                        "children": [
                          {
                            "type": "IonIonicons",
                            "props": {
                              "name": "pie-chart",
                              "size": 14,
                              "color": "#3B82F6"
                            },
                            "children": null
                          }
                        ]
                      },
                      {
                        "type": "Text",
                        "props": {
                          "style": [
                            {
                              "fontFamily": "Inter-SemiBold",
                              "fontWeight": "600",
                              "letterSpacing": 0.1,
                              "fontSize": 12,
                              "flex": 1
                            },
                            {
                              "color": "#E0E6ED"
                            }
                          ],
                          "numberOfLines": 1
                        },
                        "children": [
                          "Holdings Breakdown"
                        ]
                      }
                    ]
                  },
                  {
                    "type": "Pressable",
                    "props": {
                      "style": [
                        {
                          "width": 28,
                          "height": 28,
                          "borderRadius": 7,
                          "justifyContent": "center",
                          "alignItems": "center"
                        },
                        {
                          "backgroundColor": "#151821"
                        }
                      ],
                      "hitSlop": 8
                    },
                    "children": [
                      {
                        "type": "IonIonicons",
                        "props": {
                          "name": "ellipsis-vertical",
                          "size": 14,
                          "color": "#475569"
                        },
                        "children": null
                      }
                    ]
                  }
                ]
              },
              {
                "type": "View",
                "props": {
                  "style": {
                    "paddingHorizontal": 12,
                    "paddingBottom": 12,
                    "minHeight": 80,
                    "position": "relative"
                  }
                },
                "children": [
                  {
                    "type": "View",
                    "props": {
                      "style": {
                        "flex": 1
                      }
                    },
                    "children": [
                      {
                        "type": "View",
                        "props": {
                          "style": {
                            "flexDirection": "row",
                            "justifyContent": "space-between",
                            "alignItems": "center",
                            "marginBottom": 8
                          }
                        },
                        "children": [
                          {
                            "type": "Text",
                            "props": {
                              "style": [
                                {
                                  "fontFamily": "System",
                                  "fontSize": 16,
                                  "fontWeight": "800"
                                },
                                {
                                  "color": "#E0E6ED"
                                }
                              ]
                            },
                            "children": [
                              "₹6.74L"
                            ]
                          },
                          {
                            "type": "Text",
                            "props": {
                              "style": [
                                {
                                  "fontFamily": "System",
                                  "fontSize": 10,
                                  "fontWeight": "500"
                                },
                                {
                                  "color": "#475569"
                                }
                              ]
                            },
                            "children": [
                              "5",
                              " holdings"
                            ]
                          }
                        ]
                      },
                      {
                        "type": "ScrollView",
                        "props": {
                          "showsVerticalScrollIndicator": false,
                          "style": {
                            "flex": 1
                          },
                          "contentContainerStyle": {
                            "paddingBottom": 4
                          }
                        },
                        "children": [
                          {
                            "type": "View",
                            "props": {
                              "style": [
                                {
                                  "flexDirection": "row",
                                  "alignItems": "center",
                                  "justifyContent": "space-between",
                                  "paddingVertical": 6,
                                  "borderBottomWidth": 0.5,
                                  "position": "relative"
                                },
                                {
                                  "borderBottomColor": "rgba(255,255,255,0.04)"
                                }
                              ]
                            },
                            "children": [
                              {
                                "type": "View",
                                "props": {
                                  "style": {
                                    "flexDirection": "row",
                                    "alignItems": "center",
                                    "gap": 6,
                                    "flex": 1,
                                    "position": "relative"
                                  }
                                },
                                "children": [
                                  {
                                    "type": "View",
                                    "props": {
                                      "style": [
                                        {
                                          "position": "absolute",
                                          "left": 0,
                                          "top": 0,
                                          "bottom": 0,
                                          "borderRadius": 2
                                        },
                                        {
                                          "width": "24.926544713817613%",
                                          "backgroundColor": "#3B82F620"
                                        }
                                      ]
                                    },
                                    "children": null
                                  },
                                  {
                                    "type": "Text",
                                    "props": {
                                      "style": [
                                        {
                                          "fontFamily": "System",
                                          "fontSize": 11,
                                          "fontWeight": "700",
                                          "zIndex": 1
                                        },
                                        {
                                          "color": "#E0E6ED"
                                        }
                                      ]
                                    },
                                    "children": [
                                      "HDFCBANK"
                                    ]
                                  },
                                  {
                                    "type": "Text",
                                    "props": {
                                      "style": [
                                        {
                                          "fontFamily": "System",
                                          "fontSize": 9,
                                          "fontWeight": "500",
                                          "zIndex": 1
                                        },
                                        {
                                          "color": "#475569"
                                        }
                                      ]
                                    },
                                    "children": [
                                      "24.9",
                                      "%"
                                    ]
                                  }
                                ]
                              },
                              {
                                "type": "View",
                                "props": {
                                  "style": {
                                    "flexDirection": "row",
                                    "alignItems": "center",
                                    "gap": 8
                                  }
                                },
                                "children": [
                                  {
                                    "type": "Text",
                                    "props": {
                                      "style": [
                                        {
                                          "fontFamily": "System",
                                          "fontSize": 11,
                                          "fontWeight": "600"
                                        },
                                        {
                                          "color": "#E0E6ED"
                                        }
                                      ]
                                    },
                                    "children": [
                                      "₹1.68L"
                                    ]
                                  },
                                  {
                                    "type": "Text",
                                    "props": {
                                      "style": [
                                        {
                                          "fontFamily": "System",
                                          "fontSize": 10,
                                          "fontWeight": "600",
                                          "minWidth": 50,
                                          "textAlign": "right"
                                        },
                                        {
                                          "color": "#00E676"
                                        }
                                      ]
                                    },
                                    "children": [
                                      "+8.32%"
                                    ]
                                  }
                                ]
                              }
                            ]
                          },
                          {
                            "type": "View",
                            "props": {
                              "style": [
                                {
                                  "flexDirection": "row",
                                  "alignItems": "center",
                                  "justifyContent": "space-between",
                                  "paddingVertical": 6,
                                  "borderBottomWidth": 0.5,
                                  "position": "relative"
                                },
                                {
                                  "borderBottomColor": "rgba(255,255,255,0.04)"
                                }
                              ]
                            },
                            "children": [
                              {
                                "type": "View",
                                "props": {
                                  "style": {
                                    "flexDirection": "row",
                                    "alignItems": "center",
                                    "gap": 6,
                                    "flex": 1,
                                    "position": "relative"
                                  }
                                },
                                "children": [
                                  {
                                    "type": "View",
                                    "props": {
                                      "style": [
                                        {
                                          "position": "absolute",
                                          "left": 0,
                                          "top": 0,
                                          "bottom": 0,
                                          "borderRadius": 2
                                        },
                                        {
                                          "width": "23.4433343874668%",
                                          "backgroundColor": "#3B82F620"
                                        }
                                      ]
                                    },
                                    "children": null
                                  },
                                  {
                                    "type": "Text",
                                    "props": {
                                      "style": [
                                        {
                                          "fontFamily": "System",
                                          "fontSize": 11,
                                          "fontWeight": "700",
                                          "zIndex": 1
                                        },
                                        {
                                          "color": "#E0E6ED"
                                        }
                                      ]
                                    },
                                    "children": [
                                      "SBIN"
                                    ]
                                  },
                                  {
                                    "type": "Text",
                                    "props": {
                                      "style": [
                                        {
                                          "fontFamily": "System",
                                          "fontSize": 9,
                                          "fontWeight": "500",
                                          "zIndex": 1
                                        },
                                        {
                                          "color": "#475569"
                                        }
                                      ]
                                    },
                                    "children": [
                                      "23.4",
                                      "%"
                                    ]
                                  }
                                ]
                              },
                              {
                                "type": "View",
                                "props": {
                                  "style": {
                                    "flexDirection": "row",
                                    "alignItems": "center",
                                    "gap": 8
                                  }
                                },
                                "children": [
                                  {
                                    "type": "Text",
                                    "props": {
                                      "style": [
                                        {
                                          "fontFamily": "System",
                                          "fontSize": 11,
                                          "fontWeight": "600"
                                        },
                                        {
                                          "color": "#E0E6ED"
                                        }
                                      ]
                                    },
                                    "children": [
                                      "₹1.58L"
                                    ]
                                  },
                                  {
                                    "type": "Text",
                                    "props": {
                                      "style": [
                                        {
                                          "fontFamily": "System",
                                          "fontSize": 10,
                                          "fontWeight": "600",
                                          "minWidth": 50,
                                          "textAlign": "right"
                                        },
                                        {
                                          "color": "#00E676"
                                        }
                                      ]
                                    },
                                    "children": [
                                      "+9.65%"
                                    ]
                                  }
                                ]
                              }
                            ]
                          },
                          {
                            "type": "View",
                            "props": {
                              "style": [
                                {
                                  "flexDirection": "row",
                                  "alignItems": "center",
                                  "justifyContent": "space-between",
                                  "paddingVertical": 6,
                                  "borderBottomWidth": 0.5,
                                  "position": "relative"
                                },
                                {
                                  "borderBottomColor": "rgba(255,255,255,0.04)"
                                }
                              ]
                            },
                            "children": [
                              {
                                "type": "View",
                                "props": {
                                  "style": {
                                    "flexDirection": "row",
                                    "alignItems": "center",
                                    "gap": 6,
                                    "flex": 1,
                                    "position": "relative"
                                  }
                                },
                                "children": [
                                  {
                                    "type": "View",
                                    "props": {
                                      "style": [
                                        {
                                          "position": "absolute",
                                          "left": 0,
                                          "top": 0,
                                          "bottom": 0,
                                          "borderRadius": 2
                                        },
                                        {
                                          "width": "21.4575547963815%",
                                          "backgroundColor": "#3B82F620"
                                        }
                                      ]
                                    },
                                    "children": null
                                  },
                                  {
                                    "type": "Text",
                                    "props": {
                                      "style": [
                                        {
                                          "fontFamily": "System",
                                          "fontSize": 11,
                                          "fontWeight": "700",
                                          "zIndex": 1
                                        },
                                        {
                                          "color": "#E0E6ED"
                                        }
                                      ]
                                    },
                                    "children": [
                                      "RELIANCE"
                                    ]
                                  },
                                  {
                                    "type": "Text",
                                    "props": {
                                      "style": [
                                        {
                                          "fontFamily": "System",
                                          "fontSize": 9,
                                          "fontWeight": "500",
                                          "zIndex": 1
                                        },
                                        {
                                          "color": "#475569"
                                        }
                                      ]
                                    },
                                    "children": [
                                      "21.5",
                                      "%"
                                    ]
                                  }
                                ]
                              },
                              {
                                "type": "View",
                                "props": {
                                  "style": {
                                    "flexDirection": "row",
                                    "alignItems": "center",
                                    "gap": 8
                                  }
                                },
                                "children": [
                                  {
                                    "type": "Text",
                                    "props": {
                                      "style": [
                                        {
                                          "fontFamily": "System",
                                          "fontSize": 11,
                                          "fontWeight": "600"
                                        },
                                        {
                                          "color": "#E0E6ED"
                                        }
                                      ]
                                    },
                                    "children": [
                                      "₹1.45L"
                                    ]
                                  },
                                  {
                                    "type": "Text",
                                    "props": {
                                      "style": [
                                        {
                                          "fontFamily": "System",
                                          "fontSize": 10,
                                          "fontWeight": "600",
                                          "minWidth": 50,
                                          "textAlign": "right"
                                        },
                                        {
                                          "color": "#00E676"
                                        }
                                      ]
                                    },
                                    "children": [
                                      "+9.08%"
                                    ]
                                  }
                                ]
                              }
                            ]
                          },
                          {
                            "type": "View",
                            "props": {
                              "style": [
                                {
                                  "flexDirection": "row",
                                  "alignItems": "center",
                                  "justifyContent": "space-between",
                                  "paddingVertical": 6,
                                  "borderBottomWidth": 0.5,
                                  "position": "relative"
                                },
                                {
                                  "borderBottomColor": "rgba(255,255,255,0.04)"
                                }
                              ]
                            },
                            "children": [
                              {
                                "type": "View",
                                "props": {
                                  "style": {
                                    "flexDirection": "row",
                                    "alignItems": "center",
                                    "gap": 6,
                                    "flex": 1,
                                    "position": "relative"
                                  }
                                },
                                "children": [
                                  {
                                    "type": "View",
                                    "props": {
                                      "style": [
                                        {
                                          "position": "absolute",
                                          "left": 0,
                                          "top": 0,
                                          "bottom": 0,
                                          "borderRadius": 2
                                        },
                                        {
                                          "width": "18.62163883605849%",
                                          "backgroundColor": "#3B82F620"
                                        }
                                      ]
                                    },
                                    "children": null
                                  },
                                  {
                                    "type": "Text",
                                    "props": {
                                      "style": [
                                        {
                                          "fontFamily": "System",
                                          "fontSize": 11,
                                          "fontWeight": "700",
                                          "zIndex": 1
                                        },
                                        {
                                          "color": "#E0E6ED"
                                        }
                                      ]
                                    },
                                    "children": [
                                      "INFY"
                                    ]
                                  },
                                  {
                                    "type": "Text",
                                    "props": {
                                      "style": [
                                        {
                                          "fontFamily": "System",
                                          "fontSize": 9,
                                          "fontWeight": "500",
                                          "zIndex": 1
                                        },
                                        {
                                          "color": "#475569"
                                        }
                                      ]
                                    },
                                    "children": [
                                      "18.6",
                                      "%"
                                    ]
                                  }
                                ]
                              },
                              {
                                "type": "View",
                                "props": {
                                  "style": {
                                    "flexDirection": "row",
                                    "alignItems": "center",
                                    "gap": 8
                                  }
                                },
                                "children": [
                                  {
                                    "type": "Text",
                                    "props": {
                                      "style": [
                                        {
                                          "fontFamily": "System",
                                          "fontSize": 11,
                                          "fontWeight": "600"
                                        },
                                        {
                                          "color": "#E0E6ED"
                                        }
                                      ]
                                    },
                                    "children": [
                                      "₹1.25L"
                                    ]
                                  },
                                  {
                                    "type": "Text",
                                    "props": {
                                      "style": [
                                        {
                                          "fontFamily": "System",
                                          "fontSize": 10,
                                          "fontWeight": "600",
                                          "minWidth": 50,
                                          "textAlign": "right"
                                        },
                                        {
                                          "color": "#00E676"
                                        }
                                      ]
                                    },
                                    "children": [
                                      "+8.12%"
                                    ]
                                  }
                                ]
                              }
                            ]
                          },
                          {
                            "type": "View",
                            "props": {
                              "style": [
                                {
                                  "flexDirection": "row",
                                  "alignItems": "center",
                                  "justifyContent": "space-between",
                                  "paddingVertical": 6,
                                  "borderBottomWidth": 0.5,
                                  "position": "relative"
                                },
                                {
                                  "borderBottomColor": "rgba(255,255,255,0.04)"
                                }
                              ]
                            },
                            "children": [
                              {
                                "type": "View",
                                "props": {
                                  "style": {
                                    "flexDirection": "row",
                                    "alignItems": "center",
                                    "gap": 6,
                                    "flex": 1,
                                    "position": "relative"
                                  }
                                },
                                "children": [
                                  {
                                    "type": "View",
                                    "props": {
                                      "style": [
                                        {
                                          "position": "absolute",
                                          "left": 0,
                                          "top": 0,
                                          "bottom": 0,
                                          "borderRadius": 2
                                        },
                                        {
                                          "width": "11.550927266275599%",
                                          "backgroundColor": "#3B82F620"
                                        }
                                      ]
                                    },
                                    "children": null
                                  },
                                  {
                                    "type": "Text",
                                    "props": {
                                      "style": [
                                        {
                                          "fontFamily": "System",
                                          "fontSize": 11,
                                          "fontWeight": "700",
                                          "zIndex": 1
                                        },
                                        {
                                          "color": "#E0E6ED"
                                        }
                                      ]
                                    },
                                    "children": [
                                      "TCS"
                                    ]
                                  },
                                  {
                                    "type": "Text",
                                    "props": {
                                      "style": [
                                        {
                                          "fontFamily": "System",
                                          "fontSize": 9,
                                          "fontWeight": "500",
                                          "zIndex": 1
                                        },
                                        {
                                          "color": "#475569"
                                        }
                                      ]
                                    },
                                    "children": [
                                      "11.6",
                                      "%"
                                    ]
                                  }
                                ]
                              },
                              {
                                "type": "View",
                                "props": {
                                  "style": {
                                    "flexDirection": "row",
                                    "alignItems": "center",
                                    "gap": 8
                                  }
                                },
                                "children": [
                                  {
                                    "type": "Text",
                                    "props": {
                                      "style": [
                                        {
                                          "fontFamily": "System",
                                          "fontSize": 11,
                                          "fontWeight": "600"
                                        },
                                        {
                                          "color": "#E0E6ED"
                                        }
                                      ]
                                    },
                                    "children": [
                                      "₹77.8K"
                                    ]
                                  },
                                  {
                                    "type": "Text",
                                    "props": {
                                      "style": [
                                        {
                                          "fontFamily": "System",
                                          "fontSize": 10,
                                          "fontWeight": "600",
                                          "minWidth": 50,
                                          "textAlign": "right"
                                        },
                                        {
                                          "color": "#00E676"
                                        }
                                      ]
                                    },
                                    "children": [
                                      "+2.37%"
                                    ]
                                  }
                                ]
                              }
                            ]
                          }
                        ]
                      }
                    ]
                  }
                ]
              },
              {
                "type": "View",
                "props": {
                  "style": {
                    "flexDirection": "row",
                    "justifyContent": "center",
                    "gap": 4,
                    "paddingBottom": 6
                  }
                },
                "children": [
                  {
                    "type": "View",
                    "props": {
                      "style": [
                        {
                          "borderRadius": 3
                        },
                        {
                          "backgroundColor": "rgba(255,255,255,0.07)",
                          "width": 6,
                          "height": 6,
                          "borderRadius": 3
                        }
                      ]
                    },
                    "children": null
                  },
                  {
                    "type": "View",
                    "props": {
                      "style": [
                        {
                          "borderRadius": 3
                        },
                        {
                          "backgroundColor": "#3B82F6",
                          "width": 8,
                          "height": 8,
                          "borderRadius": 4
                        }
                      ]
                    },
                    "children": null
                  },
                  {
                    "type": "View",
                    "props": {
                      "style": [
                        {
                          "borderRadius": 3
                        },
                        {
                          "backgroundColor": "rgba(255,255,255,0.07)",
                          "width": 6,
                          "height": 6,
                          "borderRadius": 3
                        }
                      ]
                    },
                    "children": null
                  }
                ]
              },
              {
                "type": "Modal",
                "props": {
                  "visible": false,
                  "transparent": true,
                  "animationType": "fade"
                },
                "children": [
                  {
                    "type": "Pressable",
                    "props": {
                      "style": {
                        "flex": 1,
                        "backgroundColor": "rgba(0,0,0,0.5)",
                        "justifyContent": "center",
                        "alignItems": "center",
                        "padding": 20
                      }
                    },
                    "children": [
                      {
                        "type": "View",
                        "props": {
                          "entering": "[Animation]",
                          "style": [
                            {
                              "width": "85%",
                              "maxWidth": 320,
                              "borderRadius": 16,
                              "borderWidth": 1,
                              "padding": 16,
                              "gap": 8
                            },
                            {
                              "backgroundColor": "#1A1D28",
                              "borderColor": "rgba(255,255,255,0.07)"
                            }
                          ]
                        },
                        "children": [
                          {
                            "type": "Text",
                            "props": {
                              "style": [
                                {
                                  "fontFamily": "Inter-Bold",
                                  "fontWeight": "700",
                                  "letterSpacing": 0.05,
                                  "fontSize": 16,
                                  "marginBottom": 4
                                },
                                {
                                  "color": "#E0E6ED"
                                }
                              ]
                            },
                            "children": [
                              "Holdings Breakdown"
                            ]
                          },
                          {
                            "type": "Text",
                            "props": {
                              "style": [
                                {
                                  "fontFamily": "Inter-Medium",
                                  "fontWeight": "500",
                                  "letterSpacing": 1,
                                  "fontSize": 10,
                                  "textTransform": "uppercase",
                                  "marginTop": 8,
                                  "marginBottom": 4
                                },
                                {
                                  "color": "#475569"
                                }
                              ]
                            },
                            "children": [
                              "Size"
                            ]
                          },
                          {
                            "type": "View",
                            "props": {
                              "style": {
                                "flexDirection": "row",
                                "gap": 8
                              }
                            },
                            "children": [
                              {
                                "type": "Pressable",
                                "props": {
                                  "style": [
                                    {
                                      "flex": 1,
                                      "flexDirection": "row",
                                      "alignItems": "center",
                                      "justifyContent": "center",
                                      "gap": 6,
                                      "paddingVertical": 8,
                                      "borderRadius": 12,
                                      "borderWidth": 1
                                    },
                                    {
                                      "borderColor": "rgba(255,255,255,0.07)",
                                      "backgroundColor": "transparent"
                                    }
                                  ]
                                },
                                "children": [
                                  {
                                    "type": "IonIonicons",
                                    "props": {
                                      "name": "remove",
                                      "size": 16,
                                      "color": "#94A3B8"
                                    },
                                    "children": null
                                  },
                                  {
                                    "type": "Text",
                                    "props": {
                                      "style": [
                                        {
                                          "fontFamily": "Inter-SemiBold",
                                          "fontWeight": "600",
                                          "letterSpacing": 0.1,
                                          "fontSize": 10
                                        },
                                        {
                                          "color": "#94A3B8"
                                        }
                                      ]
                                    },
                                    "children": [
                                      "Small"
                                    ]
                                  }
                                ]
                              },
                              {
                                "type": "Pressable",
                                "props": {
                                  "style": [
                                    {
                                      "flex": 1,
                                      "flexDirection": "row",
                                      "alignItems": "center",
                                      "justifyContent": "center",
                                      "gap": 6,
                                      "paddingVertical": 8,
                                      "borderRadius": 12,
                                      "borderWidth": 1
                                    },
                                    {
                                      "borderColor": "#3B82F6",
                                      "backgroundColor": "#3B82F615"
                                    }
                                  ]
                                },
                                "children": [
                                  {
                                    "type": "IonIonicons",
                                    "props": {
                                      "name": "square-outline",
                                      "size": 16,
                                      "color": "#3B82F6"
                                    },
                                    "children": null
                                  },
                                  {
                                    "type": "Text",
                                    "props": {
                                      "style": [
                                        {
                                          "fontFamily": "Inter-SemiBold",
                                          "fontWeight": "600",
                                          "letterSpacing": 0.1,
                                          "fontSize": 10
                                        },
                                        {
                                          "color": "#3B82F6"
                                        }
                                      ]
                                    },
                                    "children": [
                                      "Medium"
                                    ]
                                  }
                                ]
                              },
                              {
                                "type": "Pressable",
                                "props": {
                                  "style": [
                                    {
                                      "flex": 1,
                                      "flexDirection": "row",
                                      "alignItems": "center",
                                      "justifyContent": "center",
                                      "gap": 6,
                                      "paddingVertical": 8,
                                      "borderRadius": 12,
                                      "borderWidth": 1
                                    },
                                    {
                                      "borderColor": "rgba(255,255,255,0.07)",
                                      "backgroundColor": "transparent"
                                    }
                                  ]
                                },
                                "children": [
                                  {
                                    "type": "IonIonicons",
                                    "props": {
                                      "name": "expand",
                                      "size": 16,
                                      "color": "#94A3B8"
                                    },
                                    "children": null
                                  },
                                  {
                                    "type": "Text",
                                    "props": {
                                      "style": [
                                        {
                                          "fontFamily": "Inter-SemiBold",
                                          "fontWeight": "600",
                                          "letterSpacing": 0.1,
                                          "fontSize": 10
                                        },
                                        {
                                          "color": "#94A3B8"
                                        }
                                      ]
                                    },
                                    "children": [
                                      "Large"
                                    ]
                                  }
                                ]
                              }
                            ]
                          },
                          {
                            "type": "Text",
                            "props": {
                              "style": [
                                {
                                  "fontFamily": "Inter-Medium",
                                  "fontWeight": "500",
                                  "letterSpacing": 1,
                                  "fontSize": 10,
                                  "textTransform": "uppercase",
                                  "marginTop": 8,
                                  "marginBottom": 4
                                },
                                {
                                  "color": "#475569"
                                }
                              ]
                            },
                            "children": [
                              "Actions"
                            ]
                          },
                          {
                            "type": "Pressable",
                            "props": {
                              "style": [
                                {
                                  "flexDirection": "row",
                                  "alignItems": "center",
                                  "gap": 12,
                                  "paddingVertical": 12,
                                  "borderBottomWidth": 1,
                                  "borderBottomColor": "transparent"
                                },
                                {
                                  "borderBottomColor": "rgba(255,255,255,0.04)"
                                }
                              ]
                            },
                            "children": [
                              {
                                "type": "IonIonicons",
                                "props": {
                                  "name": "eye-off",
                                  "size": 18,
                                  "color": "#94A3B8"
                                },
                                "children": null
                              },
                              {
                                "type": "Text",
                                "props": {
                                  "style": [
                                    {
                                      "fontFamily": "Inter-Medium",
                                      "fontWeight": "500",
                                      "letterSpacing": 0.15,
                                      "fontSize": 12
                                    },
                                    {
                                      "color": "#E0E6ED"
                                    }
                                  ]
                                },
                                "children": [
                                  "Hide Widget"
                                ]
                              }
                            ]
                          },
                          {
                            "type": "Pressable",
                            "props": {
                              "style": {
                                "flexDirection": "row",
                                "alignItems": "center",
                                "gap": 12,
                                "paddingVertical": 12,
                                "borderBottomWidth": 1,
                                "borderBottomColor": "transparent"
                              }
                            },
                            "children": [
                              {
                                "type": "IonIonicons",
                                "props": {
                                  "name": "trash",
                                  "size": 18,
                                  "color": "#FF5252"
                                },
                                "children": null
                              },
                              {
                                "type": "Text",
                                "props": {
                                  "style": [
                                    {
                                      "fontFamily": "Inter-Medium",
                                      "fontWeight": "500",
                                      "letterSpacing": 0.15,
                                      "fontSize": 12
                                    },
                                    {
                                      "color": "#FF5252"
                                    }
                                  ]
                                },
                                "children": [
                                  "Remove Widget"
                                ]
                              }
                            ]
                          }
                        ]
                      }
                    ]
                  }
                ]
              }
            ]
          }
        ]
      }
    ]
  },
  {
    "type": "Pressable",
    "props": {},
    "children": [
      {
        "type": "IonIonicons",
        "props": {
          "name": "add-circle-outline",
          "size": 20,
          "color": "#3B82F6"
        },
        "children": null
      },
      {
        "type": "Text",
        "props": {
          "style": [
            {
              "fontFamily": "Inter-SemiBold",
              "fontWeight": "600",
              "letterSpacing": 0.1,
              "fontSize": 12
            },
            {
              "color": "#3B82F6"
            }
          ]
        },
        "children": [
          "Add Widget"
        ]
      }
    ]
  }
]"
`;
